Testing connection...
Connection successful! User count: 3
